This is pdfTeX, Version 3.141592653-2.6-1.40.28 (MiKTeX 25.12) (preloaded format=pdflatex 2026.5.8)  18 MAY 2026 16:34
entering extended mode
 restricted \write18 enabled.
 %&-line parsing enabled.
**"./Minor_Project _Report_main.tex"
(Minor_Project _Report_main.tex
LaTeX2e <2025-11-01>
L3 programming layer <2025-12-24>
(mnitjaipur.cls
(C:\Users\singh\AppData\Local\Programs\MiKTeX\tex/latex/base\report.cls
Document Class: report 2025/01/22 v1.4n Standard LaTeX document class
(C:\Users\singh\AppData\Local\Programs\MiKTeX\tex/latex/base\size12.clo
File: size12.clo 2025/01/22 v1.4n Standard LaTeX file (size option)
)
\c@part=\count275
\c@chapter=\count276
\c@section=\count277
\c@subsection=\count278
\c@subsubsection=\count279
\c@paragraph=\count280
\c@subparagraph=\count281
\c@figure=\count282
\c@table=\count283
\abovecaptionskip=\skip49
\belowcaptionskip=\skip50
\bibindent=\dimen148
)
(C:\Users\singh\AppData\Local\Programs\MiKTeX\tex/latex/base\fontenc.sty
Package: fontenc 2025/07/18 v2.1d Standard LaTeX package
)
(C:\Users\singh\AppData\Local\Programs\MiKTeX\tex/latex/setspace\setspace.sty
Package: setspace 2022/12/04 v6.7b set line spacing
)
(C:\Users\singh\AppData\Local\Programs\MiKTeX\tex/latex/base\fontenc.sty
Package: fontenc 2025/07/18 v2.1d Standard LaTeX package
)
(C:\Users\singh\AppData\Local\Programs\MiKTeX\tex/latex/graphics\graphicx.sty
Package: graphicx 2024/12/31 v1.2e Enhanced LaTeX Graphics (DPC,SPQR)

(C:\Users\singh\AppData\Local\Programs\MiKTeX\tex/latex/graphics\keyval.sty
Package: keyval 2022/05/29 v1.15 key=value parser (DPC)
\KV@toks@=\toks17
)
(C:\Users\singh\AppData\Local\Programs\MiKTeX\tex/latex/graphics\graphics.sty
Package: graphics 2024/08/06 v1.4g Standard LaTeX Graphics (DPC,SPQR)

(C:\Users\singh\AppData\Local\Programs\MiKTeX\tex/latex/graphics\trig.sty
Package: trig 2023/12/02 v1.11 sin cos tan (DPC)
)
(C:\Users\singh\AppData\Local\Programs\MiKTeX\tex/latex/graphics-cfg\graphics.c
fg
File: graphics.cfg 2016/06/04 v1.11 sample graphics configuration
)
Package graphics Info: Driver file: pdftex.def on input line 106.

(C:\Users\singh\AppData\Local\Programs\MiKTeX\tex/latex/graphics-def\pdftex.def
File: pdftex.def 2025/09/29 v1.2d Graphics/color driver for pdftex
))
\Gin@req@height=\dimen149
\Gin@req@width=\dimen150
) (C:\Users\singh\AppData\Local\Programs\MiKTeX\tex/latex/psnfss\times.sty
Package: times 2020/03/25 PSNFSS-v9.3 (SPQR) 
)
(C:\Users\singh\AppData\Local\Programs\MiKTeX\tex/latex/base\fontenc.sty
Package: fontenc 2025/07/18 v2.1d Standard LaTeX package
LaTeX Font Info:    Trying to load font information for T1+ptm on input line 11
6.

(C:\Users\singh\AppData\Local\Programs\MiKTeX\tex/latex/psnfss\t1ptm.fd
File: t1ptm.fd 2001/06/04 font definitions for T1/ptm.
))
(C:\Users\singh\AppData\Local\Programs\MiKTeX\tex/latex/geometry\geometry.sty
Package: geometry 2026/03/07 v6.0 Page Geometry

(C:\Users\singh\AppData\Local\Programs\MiKTeX\tex/generic/iftex\ifvtex.sty
Package: ifvtex 2019/10/25 v1.7 ifvtex legacy package. Use iftex instead.

(C:\Users\singh\AppData\Local\Programs\MiKTeX\tex/generic/iftex\iftex.sty
Package: iftex 2024/12/12 v1.0g TeX engine tests
))
\Gm@cnth=\count284
\Gm@cntv=\count285
\c@Gm@tempcnt=\count286
\Gm@bindingoffset=\dimen151
\Gm@wd@mp=\dimen152
\Gm@odd@mp=\dimen153
\Gm@even@mp=\dimen154
\Gm@layoutwidth=\dimen155
\Gm@layoutheight=\dimen156
\Gm@layouthoffset=\dimen157
\Gm@layoutvoffset=\dimen158
\Gm@dimlist=\toks18

(C:\Users\singh\AppData\Local\Programs\MiKTeX\tex/latex/geometry\geometry.cfg))
(C:\Users\singh\AppData\Local\Programs\MiKTeX\tex/latex/base\ifthen.sty
Package: ifthen 2024/03/16 v1.1e Standard LaTeX ifthen package (DPC)
)
(C:\Users\singh\AppData\Local\Programs\MiKTeX\tex/latex/xifthen\xifthen.sty
Package: xifthen 2015/11/05 v1.4.0 Extended ifthen features

(C:\Users\singh\AppData\Local\Programs\MiKTeX\tex/latex/tools\calc.sty
Package: calc 2025/03/01 v4.3b Infix arithmetic (KKT,FJ)
\calc@Acount=\count287
\calc@Bcount=\count288
\calc@Adimen=\dimen159
\calc@Bdimen=\dimen160
\calc@Askip=\skip51
\calc@Bskip=\skip52
LaTeX Info: Redefining \setlength on input line 86.
LaTeX Info: Redefining \addtolength on input line 87.
\calc@Ccount=\count289
\calc@Cskip=\skip53
)
(C:\Users\singh\AppData\Local\Programs\MiKTeX\tex/latex/ifmtarg\ifmtarg.sty
Package: ifmtarg 2018/04/16 v1.2b check for an empty argument
))
(C:\Users\singh\AppData\Local\Programs\MiKTeX\tex/latex/enumitem\enumitem.sty
Package: enumitem 2025/02/06 v3.11 Customized lists
\labelindent=\skip54
\enit@outerparindent=\dimen161
\enit@toks=\toks19
\enit@inbox=\box53
\enit@count@id=\count290
\enitdp@description=\count291
)
(C:\Users\singh\AppData\Local\Programs\MiKTeX\tex/latex/datetime\datetime.sty
Package: datetime 2015/03/20 v2.60 Date Time Package

(C:\Users\singh\AppData\Local\Programs\MiKTeX\tex/latex/etoolbox\etoolbox.sty
Package: etoolbox 2025/10/02 v2.5m e-TeX tools for LaTeX (JAW)
\etb@tempcnta=\count292
)
(C:\Users\singh\AppData\Local\Programs\MiKTeX\tex/latex/fmtcount\fmtcount.sty
Package: fmtcount 2025/12/02 v3.12 Displaying the values of LaTeX counters (NT,
VB,NE)

(C:\Users\singh\AppData\Local\Programs\MiKTeX\tex/latex/xkeyval\xkeyval.sty
Package: xkeyval 2022/06/16 v2.9 package option processing (HA)

(C:\Users\singh\AppData\Local\Programs\MiKTeX\tex/generic/xkeyval\xkeyval.tex
(C:\Users\singh\AppData\Local\Programs\MiKTeX\tex/generic/xkeyval\xkvutils.tex
\XKV@toks=\toks20
\XKV@tempa@toks=\toks21
)
\XKV@depth=\count293
File: xkeyval.tex 2014/12/03 v2.7a key=value parser (HA)
))
(C:\Users\singh\AppData\Local\Programs\MiKTeX\tex/latex/fmtcount\fcprefix.sty
Package: fcprefix 2012/09/28

(C:\Users\singh\AppData\Local\Programs\MiKTeX\tex/latex/fmtcount\fcnumparser.st
y
Package: fcnumparser 2017/06/15
\fc@digit@counter=\count294
)) (C:\Users\singh\AppData\Local\Programs\MiKTeX\tex/latex/amsmath\amsgen.sty
File: amsgen.sty 1999/11/30 v2.0 generic functions
\@emptytoks=\toks22
\ex@=\dimen162
)
\c@padzeroesN=\count295
\fc@tmpcatcode=\count296
\@DT@modctr=\count297
\@ordinalctr=\count298
\@orgargctr=\count299
\@strctr=\count300
\@tmpstrctr=\count301
\@DT@loopN=\count302
\@DT@X=\count303
)
(C:\Users\singh\AppData\Local\Programs\MiKTeX\tex/latex/datetime\datetime-defau
lts.sty
Package: datetime-defaults 2013/09/10
)
\@day=\count304
\@month=\count305
\@year=\count306
\c@HOUR=\count307
\c@HOURXII=\count308
\c@MINUTE=\count309
\c@TOHOUR=\count310
\c@TOMINUTE=\count311
\c@SECOND=\count312
\currenthour=\count313
\currentminute=\count314
\currentsecond=\count315
Package datetime Info: No datetime.cfg file found, using default settings on in
put line 308.
\@dtctr=\count316
\dayofyear=\count317
\dayofweek=\count318
LaTeX Info: Redefining \today on input line 736.
\dt@a=\toks23
\dt@b=\toks24
)
(C:\Users\singh\AppData\Local\Programs\MiKTeX\tex/latex/caption\caption.sty
Package: caption 2023/08/05 v3.6o Customizing captions (AR)

(C:\Users\singh\AppData\Local\Programs\MiKTeX\tex/latex/caption\caption3.sty
Package: caption3 2023/07/31 v2.4d caption3 kernel (AR)
\caption@tempdima=\dimen163
\captionmargin=\dimen164
\caption@leftmargin=\dimen165
\caption@rightmargin=\dimen166
\caption@width=\dimen167
\caption@indent=\dimen168
\caption@parindent=\dimen169
\caption@hangindent=\dimen170
Package caption Info: Standard document class detected.
)
\c@caption@flags=\count319
\c@continuedfloat=\count320
)
(C:\Users\singh\AppData\Local\Programs\MiKTeX\tex/latex/tools\array.sty
Package: array 2025/09/25 v2.6n Tabular extension package (FMi)
\col@sep=\dimen171
\ar@mcellbox=\box54
\extrarowheight=\dimen172
\NC@list=\toks25
\extratabsurround=\skip55
\backup@length=\skip56
\ar@cellbox=\box55
)
(C:\Users\singh\AppData\Local\Programs\MiKTeX\tex/latex/hyperref\hyperref.sty
Package: hyperref 2025-07-12 v7.01o Hypertext links for LaTeX

(C:\Users\singh\AppData\Local\Programs\MiKTeX\tex/latex/kvsetkeys\kvsetkeys.sty
Package: kvsetkeys 2022-10-05 v1.19 Key value parser (HO)
)
(C:\Users\singh\AppData\Local\Programs\MiKTeX\tex/generic/kvdefinekeys\kvdefine
keys.sty
Package: kvdefinekeys 2019-12-19 v1.6 Define keys (HO)
)
(C:\Users\singh\AppData\Local\Programs\MiKTeX\tex/generic/pdfescape\pdfescape.s
ty
Package: pdfescape 2019/12/09 v1.15 Implements pdfTeX's escape features (HO)

(C:\Users\singh\AppData\Local\Programs\MiKTeX\tex/generic/ltxcmds\ltxcmds.sty
Package: ltxcmds 2023-12-04 v1.26 LaTeX kernel commands for general use (HO)
)
(C:\Users\singh\AppData\Local\Programs\MiKTeX\tex/generic/pdftexcmds\pdftexcmds
.sty
Package: pdftexcmds 2020-06-27 v0.33 Utility functions of pdfTeX for LuaTeX (HO
)

(C:\Users\singh\AppData\Local\Programs\MiKTeX\tex/generic/infwarerr\infwarerr.s
ty
Package: infwarerr 2019/12/03 v1.5 Providing info/warning/error messages (HO)
)
Package pdftexcmds Info: \pdf@primitive is available.
Package pdftexcmds Info: \pdf@ifprimitive is available.
Package pdftexcmds Info: \pdfdraftmode found.
))
(C:\Users\singh\AppData\Local\Programs\MiKTeX\tex/latex/hycolor\hycolor.sty
Package: hycolor 2020-01-27 v1.10 Color options for hyperref/bookmark (HO)
)
(C:\Users\singh\AppData\Local\Programs\MiKTeX\tex/latex/hyperref\nameref.sty
Package: nameref 2025-06-21 v2.57 Cross-referencing by name of section

(C:\Users\singh\AppData\Local\Programs\MiKTeX\tex/latex/refcount\refcount.sty
Package: refcount 2019/12/15 v3.6 Data extraction from label references (HO)
)
(C:\Users\singh\AppData\Local\Programs\MiKTeX\tex/generic/gettitlestring\gettit
lestring.sty
Package: gettitlestring 2019/12/15 v1.6 Cleanup title references (HO)

(C:\Users\singh\AppData\Local\Programs\MiKTeX\tex/latex/kvoptions\kvoptions.sty
Package: kvoptions 2022-06-15 v3.15 Key value format for package options (HO)
))
\c@section@level=\count321
)
(C:\Users\singh\AppData\Local\Programs\MiKTeX\tex/generic/stringenc\stringenc.s
ty
Package: stringenc 2019/11/29 v1.12 Convert strings between diff. encodings (HO
)
)
\@linkdim=\dimen173
\Hy@linkcounter=\count322
\Hy@pagecounter=\count323
 (C:\Users\singh\AppData\Local\Programs\MiKTeX\tex/latex/hyperref\pd1enc.def
File: pd1enc.def 2025-07-12 v7.01o Hyperref: PDFDocEncoding definition (HO)
Now handling font encoding PD1 ...
... no UTF-8 mapping file for font encoding PD1
) (C:\Users\singh\AppData\Local\Programs\MiKTeX\tex/generic/intcalc\intcalc.sty
Package: intcalc 2019/12/15 v1.3 Expandable calculations with integers (HO)
)
\Hy@SavedSpaceFactor=\count324
 (C:\Users\singh\AppData\Local\Programs\MiKTeX\tex/latex/hyperref\puenc.def
File: puenc.def 2025-07-12 v7.01o Hyperref: PDF Unicode definition (HO)
Now handling font encoding PU ...
... no UTF-8 mapping file for font encoding PU
)
Package hyperref Info: Hyper figures OFF on input line 4195.
Package hyperref Info: Link nesting OFF on input line 4200.
Package hyperref Info: Hyper index ON on input line 4203.
Package hyperref Info: Plain pages OFF on input line 4210.
Package hyperref Info: Backreferencing OFF on input line 4215.
Package hyperref Info: Implicit mode ON; LaTeX internals redefined.
Package hyperref Info: Bookmarks ON on input line 4462.
\c@Hy@tempcnt=\count325

(C:\Users\singh\AppData\Local\Programs\MiKTeX\tex/latex/url\url.sty
\Urlmuskip=\muskip17
Package: url 2013/09/16  ver 3.4  Verb mode for urls, etc.
)
LaTeX Info: Redefining \url on input line 4801.
\XeTeXLinkMargin=\dimen174

(C:\Users\singh\AppData\Local\Programs\MiKTeX\tex/generic/bitset\bitset.sty
Package: bitset 2019/12/09 v1.3 Handle bit-vector datatype (HO)

(C:\Users\singh\AppData\Local\Programs\MiKTeX\tex/generic/bigintcalc\bigintcalc
.sty
Package: bigintcalc 2019/12/15 v1.5 Expandable calculations on big integers (HO
)
))
\Fld@menulength=\count326
\Field@Width=\dimen175
\Fld@charsize=\dimen176
Package hyperref Info: Hyper figures OFF on input line 6078.
Package hyperref Info: Link nesting OFF on input line 6083.
Package hyperref Info: Hyper index ON on input line 6086.
Package hyperref Info: backreferencing OFF on input line 6093.
Package hyperref Info: Link coloring OFF on input line 6098.
Package hyperref Info: Link coloring with OCG OFF on input line 6103.
Package hyperref Info: PDF/A mode OFF on input line 6108.
\Hy@abspage=\count327
\c@Item=\count328
\c@Hfootnote=\count329
)
Package hyperref Info: Driver (autodetected): hpdftex.

(C:\Users\singh\AppData\Local\Programs\MiKTeX\tex/latex/hyperref\hpdftex.def
File: hpdftex.def 2025-07-12 v7.01o Hyperref driver for pdfTeX
\Fld@listcount=\count330
\c@bookmark@seq@number=\count331

(C:\Users\singh\AppData\Local\Programs\MiKTeX\tex/latex/rerunfilecheck\rerunfil
echeck.sty
Package: rerunfilecheck 2025-06-21 v1.11 Rerun checks for auxiliary files (HO)

(C:\Users\singh\AppData\Local\Programs\MiKTeX\tex/generic/uniquecounter\uniquec
ounter.sty
Package: uniquecounter 2019/12/15 v1.4 Provide unlimited unique counter (HO)
)
Package uniquecounter Info: New unique counter `rerunfilecheck' on input line 2
84.
)
\Hy@SectionHShift=\skip57
)
(C:\Users\singh\AppData\Local\Programs\MiKTeX\tex/latex/float\float.sty
Package: float 2001/11/08 v1.3d Float enhancements (AL)
\c@float@type=\count332
\float@exts=\toks26
\float@box=\box56
\@float@everytoks=\toks27
\@floatcapt=\box57
)
(C:\Users\singh\AppData\Local\Programs\MiKTeX\tex/latex/amsmath\amsmath.sty
Package: amsmath 2025/07/09 v2.17z AMS math features
\@mathmargin=\skip58

For additional information on amsmath, use the `?' option.
(C:\Users\singh\AppData\Local\Programs\MiKTeX\tex/latex/amsmath\amstext.sty
Package: amstext 2024/11/17 v2.01 AMS text
)
(C:\Users\singh\AppData\Local\Programs\MiKTeX\tex/latex/amsmath\amsbsy.sty
Package: amsbsy 1999/11/29 v1.2d Bold Symbols
\pmbraise@=\dimen177
)
(C:\Users\singh\AppData\Local\Programs\MiKTeX\tex/latex/amsmath\amsopn.sty
Package: amsopn 2022/04/08 v2.04 operator names
)
\inf@bad=\count333
LaTeX Info: Redefining \frac on input line 233.
\uproot@=\count334
\leftroot@=\count335
LaTeX Info: Redefining \overline on input line 398.
LaTeX Info: Redefining \colon on input line 409.
\classnum@=\count336
\DOTSCASE@=\count337
LaTeX Info: Redefining \ldots on input line 495.
LaTeX Info: Redefining \dots on input line 498.
LaTeX Info: Redefining \cdots on input line 619.
\Mathstrutbox@=\box58
\strutbox@=\box59
LaTeX Info: Redefining \big on input line 721.
LaTeX Info: Redefining \Big on input line 722.
LaTeX Info: Redefining \bigg on input line 723.
LaTeX Info: Redefining \Bigg on input line 724.
\big@size=\dimen178
LaTeX Font Info:    Redeclaring font encoding OML on input line 742.
LaTeX Font Info:    Redeclaring font encoding OMS on input line 743.
\macc@depth=\count338
LaTeX Info: Redefining \bmod on input line 904.
LaTeX Info: Redefining \pmod on input line 909.
LaTeX Info: Redefining \smash on input line 939.
LaTeX Info: Redefining \relbar on input line 969.
LaTeX Info: Redefining \Relbar on input line 970.
\c@MaxMatrixCols=\count339
\dotsspace@=\muskip18
\c@parentequation=\count340
\dspbrk@lvl=\count341
\tag@help=\toks28
\row@=\count342
\column@=\count343
\maxfields@=\count344
\andhelp@=\toks29
\eqnshift@=\dimen179
\alignsep@=\dimen180
\tagshift@=\dimen181
\tagwidth@=\dimen182
\totwidth@=\dimen183
\lineht@=\dimen184
\@envbody=\toks30
\multlinegap=\skip59
\multlinetaggap=\skip60
\mathdisplay@stack=\toks31
LaTeX Info: Redefining \[ on input line 2950.
LaTeX Info: Redefining \] on input line 2951.
)
(C:\Users\singh\AppData\Local\Programs\MiKTeX\tex/latex/blindtext\blindtext.sty
Package: blindtext 2012/01/06 V2.0 blindtext-Package
(C:\Users\singh\AppData\Local\Programs\MiKTeX\tex/latex/tools\xspace.sty
Package: xspace 2014/10/28 v1.13 Space after command names (DPC,MH)
)
\c@blindtext=\count345
\c@Blindtext=\count346
\c@blind@countparstart=\count347
\blind@countxx=\count348
\blindtext@numBlindtext=\count349
\blind@countyy=\count350
\c@blindlist=\count351
\c@blindlistlevel=\count352
\c@blindlist@level=\count353
\blind@listitem=\count354
\c@blind@listcount=\count355
\c@blind@levelcount=\count356
\blind@mathformula=\count357
\blind@Mathformula=\count358
\c@blind@randomcount=\count359
\c@blind@randommax=\count360
\c@blind@pangramcount=\count361
\c@blind@pangrammax=\count362
)
(C:\Users\singh\AppData\Local\Programs\MiKTeX\tex/latex/sectsty\sectsty.sty
Package: sectsty 2002/02/25 v2.0.2 Commands to change all sectional heading sty
les


LaTeX Warning: Command \underbar  has changed.
               Check if current package is valid.


LaTeX Warning: Command \underline  has changed.
               Check if current package is valid.

) (C:\Users\singh\AppData\Local\Programs\MiKTeX\tex/latex/tocloft\tocloft.sty
Package: tocloft 2017/08/31 v2.3i parameterised ToC, etc., typesetting
Package tocloft Info: The document has chapter divisions on input line 51.
\cftparskip=\skip61
\cftbeforetoctitleskip=\skip62
\cftaftertoctitleskip=\skip63
\cftbeforepartskip=\skip64
\cftpartnumwidth=\skip65
\cftpartindent=\skip66
\cftbeforechapskip=\skip67
\cftchapindent=\skip68
\cftchapnumwidth=\skip69
\cftbeforesecskip=\skip70
\cftsecindent=\skip71
\cftsecnumwidth=\skip72
\cftbeforesubsecskip=\skip73
\cftsubsecindent=\skip74
\cftsubsecnumwidth=\skip75
\cftbeforesubsubsecskip=\skip76
\cftsubsubsecindent=\skip77
\cftsubsubsecnumwidth=\skip78
\cftbeforeparaskip=\skip79
\cftparaindent=\skip80
\cftparanumwidth=\skip81
\cftbeforesubparaskip=\skip82
\cftsubparaindent=\skip83
\cftsubparanumwidth=\skip84
\cftbeforeloftitleskip=\skip85
\cftafterloftitleskip=\skip86
\cftbeforefigskip=\skip87
\cftfigindent=\skip88
\cftfignumwidth=\skip89
\c@lofdepth=\count363
\c@lotdepth=\count364
\cftbeforelottitleskip=\skip90
\cftafterlottitleskip=\skip91
\cftbeforetabskip=\skip92
\cfttabindent=\skip93
\cfttabnumwidth=\skip94
)
(C:\Users\singh\AppData\Local\Programs\MiKTeX\tex/latex/xcolor\xcolor.sty
Package: xcolor 2024/09/29 v3.02 LaTeX color extensions (UK)

(C:\Users\singh\AppData\Local\Programs\MiKTeX\tex/latex/graphics-cfg\color.cfg
File: color.cfg 2016/01/02 v1.6 sample color configuration
)
Package xcolor Info: Driver file: pdftex.def on input line 274.
(C:\Users\singh\AppData\Local\Programs\MiKTeX\tex/latex/graphics\mathcolor.ltx)
Package xcolor Info: Model `cmy' substituted by `cmy0' on input line 1349.
Package xcolor Info: Model `hsb' substituted by `rgb' on input line 1353.
Package xcolor Info: Model `RGB' extended on input line 1365.
Package xcolor Info: Model `HTML' substituted by `rgb' on input line 1367.
Package xcolor Info: Model `Hsb' substituted by `hsb' on input line 1368.
Package xcolor Info: Model `tHsb' substituted by `hsb' on input line 1369.
Package xcolor Info: Model `HSB' substituted by `hsb' on input line 1370.
Package xcolor Info: Model `Gray' substituted by `gray' on input line 1371.
Package xcolor Info: Model `wave' substituted by `hsb' on input line 1372.
)
\documenttype=\toks32
\department=\toks33
\stream=\toks34
\degree=\toks35
\heading=\toks36
\multiAuthor=\toks37
\nameI=\toks38
\rollI=\toks39
\genderI=\toks40
\nameII=\toks41
\rollII=\toks42
\genderII=\toks43
\nameIII=\toks44
\rollIII=\toks45
\genderIII=\toks46
\nameIV=\toks47
\rollIV=\toks48
\genderIV=\toks49
\batchmonth=\toks50
\batchyear=\toks51
\logo=\toks52
\supervisor=\toks53
\supervisorAffliation=\toks54
\cosupervisor=\toks55
\cosupervisorAffliation=\toks56
\qualification=\toks57
\gateNetPassYear=\toks58
\areaResearch=\toks59
\thisdate=\toks60
\thismonth=\toks61
\thisyear=\toks62
\hod=\toks63
\coordinator=\toks64
\ack=\toks65
\semester=\toks66
\keys=\toks67
\passyear=\toks68
\supervisorpost=\toks69
\supervisordept=\toks70
\supervisorcollege=\toks71
\supervisorcollegeloc=\toks72
\cosupervisorpost=\toks73
\cosupervisordept=\toks74
\cosupervisorcollege=\toks75
\cosupervisorcollegeloc=\toks76
\internalExaminerone=\toks77
\internalExamineronepost=\toks78
\internalExamineronedept=\toks79
\internalExamineronecollege=\toks80
\internalExamineronecollegeloc=\toks81
\internalExaminertwo=\toks82
\internalExaminertwopost=\toks83
\internalExaminertwodept=\toks84
\internalExaminertwocollege=\toks85
\internalExaminertwocollegeloc=\toks86
\external=\toks87
\externalpost=\toks88
\externaldept=\toks89
\externalcollege=\toks90
\externalcollegeloc=\toks91
\sudentGroup=\toks92
\sudentSection=\toks93
\groupcount=\toks94
\roleI=\toks95
\roleII=\toks96
\roleIII=\toks97
\roleIV=\toks98
\signI=\toks99
\signII=\toks100
\signIII=\toks101
\signIV=\toks102
)
(C:\Users\singh\AppData\Local\Programs\MiKTeX\tex/latex/placeins\placeins.sty
Package: placeins 2005/04/18  v 2.2
)
(C:\Users\singh\AppData\Local\Programs\MiKTeX\tex/latex/tools\longtable.sty
Package: longtable 2025-10-13 v4.24 Multi-page Table package (DPC)
\LTleft=\skip95
\LTright=\skip96
\LTpre=\skip97
\LTpost=\skip98
\LTchunksize=\count365
\LTcapwidth=\dimen185
\LT@head=\box60
\LT@firsthead=\box61
\LT@foot=\box62
\LT@lastfoot=\box63
\LT@gbox=\box64
\LT@cols=\count366
\LT@rows=\count367
\c@LT@tables=\count368
\c@LT@chunks=\count369
\LT@p@ftn=\toks103
)
(C:\Users\singh\AppData\Local\Programs\MiKTeX\tex/latex/listings\listings.sty
\lst@mode=\count370
\lst@gtempboxa=\box65
\lst@token=\toks104
\lst@length=\count371
\lst@currlwidth=\dimen186
\lst@column=\count372
\lst@pos=\count373
\lst@lostspace=\dimen187
\lst@width=\dimen188
\lst@newlines=\count374
\lst@lineno=\count375
\lst@maxwidth=\dimen189

(C:\Users\singh\AppData\Local\Programs\MiKTeX\tex/latex/listings\lstpatch.sty
File: lstpatch.sty 2025/11/14 1.11b (Carsten Heinz)
)
(C:\Users\singh\AppData\Local\Programs\MiKTeX\tex/latex/listings\lstmisc.sty
File: lstmisc.sty 2025/11/14 1.11b (Carsten Heinz)
\c@lstnumber=\count376
\lst@skipnumbers=\count377
\lst@framebox=\box66
)
(C:\Users\singh\AppData\Local\Programs\MiKTeX\tex/latex/listings\listings.cfg
File: listings.cfg 2025/11/14 1.11b listings configuration
))
Package: listings 2025/11/14 1.11b (Carsten Heinz)
==> First Aid for listings.sty no longer applied!
    Expected:
        2024/09/23 1.10c (Carsten Heinz)
    but found:
        2025/11/14 1.11b (Carsten Heinz)
    so I'm assuming it got fixed.

(C:\Users\singh\AppData\Local\Programs\MiKTeX\tex/latex/pgf/frontendlayer\tikz.
sty
(C:\Users\singh\AppData\Local\Programs\MiKTeX\tex/latex/pgf/basiclayer\pgf.sty
(C:\Users\singh\AppData\Local\Programs\MiKTeX\tex/latex/pgf/utilities\pgfrcs.st
y
(C:\Users\singh\AppData\Local\Programs\MiKTeX\tex/generic/pgf/utilities\pgfutil
-common.tex
\pgfutil@everybye=\toks105
\pgfutil@tempdima=\dimen190
\pgfutil@tempdimb=\dimen191
)
(C:\Users\singh\AppData\Local\Programs\MiKTeX\tex/generic/pgf/utilities\pgfutil
-latex.def
\pgfutil@abb=\box67
)
(C:\Users\singh\AppData\Local\Programs\MiKTeX\tex/generic/pgf/utilities\pgfrcs.
code.tex
(C:\Users\singh\AppData\Local\Programs\MiKTeX\tex/generic/pgf\pgf.revision.tex)
Package: pgfrcs 2025-08-29 v3.1.11a (3.1.11a)
))
Package: pgf 2025-08-29 v3.1.11a (3.1.11a)

(C:\Users\singh\AppData\Local\Programs\MiKTeX\tex/latex/pgf/basiclayer\pgfcore.
sty
(C:\Users\singh\AppData\Local\Programs\MiKTeX\tex/latex/pgf/systemlayer\pgfsys.
sty
(C:\Users\singh\AppData\Local\Programs\MiKTeX\tex/generic/pgf/systemlayer\pgfsy
s.code.tex
Package: pgfsys 2025-08-29 v3.1.11a (3.1.11a)

(C:\Users\singh\AppData\Local\Programs\MiKTeX\tex/generic/pgf/utilities\pgfkeys
.code.tex
\pgfkeys@pathtoks=\toks106
\pgfkeys@temptoks=\toks107

(C:\Users\singh\AppData\Local\Programs\MiKTeX\tex/generic/pgf/utilities\pgfkeys
libraryfiltered.code.tex
\pgfkeys@tmptoks=\toks108
))
\pgf@x=\dimen192
\pgf@y=\dimen193
\pgf@xa=\dimen194
\pgf@ya=\dimen195
\pgf@xb=\dimen196
\pgf@yb=\dimen197
\pgf@xc=\dimen198
\pgf@yc=\dimen199
\pgf@xd=\dimen256
\pgf@yd=\dimen257
\w@pgf@writea=\write3
\r@pgf@reada=\read2
\c@pgf@counta=\count378
\c@pgf@countb=\count379
\c@pgf@countc=\count380
\c@pgf@countd=\count381
\t@pgf@toka=\toks109
\t@pgf@tokb=\toks110
\t@pgf@tokc=\toks111
\pgf@sys@id@count=\count382

(C:\Users\singh\AppData\Local\Programs\MiKTeX\tex/generic/pgf/systemlayer\pgf.c
fg
File: pgf.cfg 2025-08-29 v3.1.11a (3.1.11a)
)
Driver file for pgf: pgfsys-pdftex.def

(C:\Users\singh\AppData\Local\Programs\MiKTeX\tex/generic/pgf/systemlayer\pgfsy
s-pdftex.def
File: pgfsys-pdftex.def 2025-08-29 v3.1.11a (3.1.11a)

(C:\Users\singh\AppData\Local\Programs\MiKTeX\tex/generic/pgf/systemlayer\pgfsy
s-common-pdf.def
File: pgfsys-common-pdf.def 2025-08-29 v3.1.11a (3.1.11a)
)))
(C:\Users\singh\AppData\Local\Programs\MiKTeX\tex/generic/pgf/systemlayer\pgfsy
ssoftpath.code.tex
File: pgfsyssoftpath.code.tex 2025-08-29 v3.1.11a (3.1.11a)
\pgfsyssoftpath@smallbuffer@items=\count383
\pgfsyssoftpath@bigbuffer@items=\count384
)
(C:\Users\singh\AppData\Local\Programs\MiKTeX\tex/generic/pgf/systemlayer\pgfsy
sprotocol.code.tex
File: pgfsysprotocol.code.tex 2025-08-29 v3.1.11a (3.1.11a)
))
(C:\Users\singh\AppData\Local\Programs\MiKTeX\tex/generic/pgf/basiclayer\pgfcor
e.code.tex
Package: pgfcore 2025-08-29 v3.1.11a (3.1.11a)

(C:\Users\singh\AppData\Local\Programs\MiKTeX\tex/generic/pgf/math\pgfmath.code
.tex
(C:\Users\singh\AppData\Local\Programs\MiKTeX\tex/generic/pgf/math\pgfmathutil.
code.tex)
(C:\Users\singh\AppData\Local\Programs\MiKTeX\tex/generic/pgf/math\pgfmathparse
r.code.tex
\pgfmath@dimen=\dimen258
\pgfmath@count=\count385
\pgfmath@box=\box68
\pgfmath@toks=\toks112
\pgfmath@stack@operand=\toks113
\pgfmath@stack@operation=\toks114
)
(C:\Users\singh\AppData\Local\Programs\MiKTeX\tex/generic/pgf/math\pgfmathfunct
ions.code.tex)
(C:\Users\singh\AppData\Local\Programs\MiKTeX\tex/generic/pgf/math\pgfmathfunct
ions.basic.code.tex)
(C:\Users\singh\AppData\Local\Programs\MiKTeX\tex/generic/pgf/math\pgfmathfunct
ions.trigonometric.code.tex)
(C:\Users\singh\AppData\Local\Programs\MiKTeX\tex/generic/pgf/math\pgfmathfunct
ions.random.code.tex)
(C:\Users\singh\AppData\Local\Programs\MiKTeX\tex/generic/pgf/math\pgfmathfunct
ions.comparison.code.tex)
(C:\Users\singh\AppData\Local\Programs\MiKTeX\tex/generic/pgf/math\pgfmathfunct
ions.base.code.tex)
(C:\Users\singh\AppData\Local\Programs\MiKTeX\tex/generic/pgf/math\pgfmathfunct
ions.round.code.tex)
(C:\Users\singh\AppData\Local\Programs\MiKTeX\tex/generic/pgf/math\pgfmathfunct
ions.misc.code.tex)
(C:\Users\singh\AppData\Local\Programs\MiKTeX\tex/generic/pgf/math\pgfmathfunct
ions.integerarithmetics.code.tex)
(C:\Users\singh\AppData\Local\Programs\MiKTeX\tex/generic/pgf/math\pgfmathcalc.
code.tex)
(C:\Users\singh\AppData\Local\Programs\MiKTeX\tex/generic/pgf/math\pgfmathfloat
.code.tex
\c@pgfmathroundto@lastzeros=\count386
))
(C:\Users\singh\AppData\Local\Programs\MiKTeX\tex/generic/pgf/math\pgfint.code.
tex)
(C:\Users\singh\AppData\Local\Programs\MiKTeX\tex/generic/pgf/basiclayer\pgfcor
epoints.code.tex
File: pgfcorepoints.code.tex 2025-08-29 v3.1.11a (3.1.11a)
\pgf@picminx=\dimen259
\pgf@picmaxx=\dimen260
\pgf@picminy=\dimen261
\pgf@picmaxy=\dimen262
\pgf@pathminx=\dimen263
\pgf@pathmaxx=\dimen264
\pgf@pathminy=\dimen265
\pgf@pathmaxy=\dimen266
\pgf@xx=\dimen267
\pgf@xy=\dimen268
\pgf@yx=\dimen269
\pgf@yy=\dimen270
\pgf@zx=\dimen271
\pgf@zy=\dimen272
)
(C:\Users\singh\AppData\Local\Programs\MiKTeX\tex/generic/pgf/basiclayer\pgfcor
epathconstruct.code.tex
File: pgfcorepathconstruct.code.tex 2025-08-29 v3.1.11a (3.1.11a)
\pgf@path@lastx=\dimen273
\pgf@path@lasty=\dimen274
)
(C:\Users\singh\AppData\Local\Programs\MiKTeX\tex/generic/pgf/basiclayer\pgfcor
epathusage.code.tex
File: pgfcorepathusage.code.tex 2025-08-29 v3.1.11a (3.1.11a)
\pgf@shorten@end@additional=\dimen275
\pgf@shorten@start@additional=\dimen276
)
(C:\Users\singh\AppData\Local\Programs\MiKTeX\tex/generic/pgf/basiclayer\pgfcor
escopes.code.tex
File: pgfcorescopes.code.tex 2025-08-29 v3.1.11a (3.1.11a)
\pgfpic=\box69
\pgf@hbox=\box70
\pgf@layerbox@main=\box71
\pgf@picture@serial@count=\count387
)
(C:\Users\singh\AppData\Local\Programs\MiKTeX\tex/generic/pgf/basiclayer\pgfcor
egraphicstate.code.tex
File: pgfcoregraphicstate.code.tex 2025-08-29 v3.1.11a (3.1.11a)
\pgflinewidth=\dimen277
)
(C:\Users\singh\AppData\Local\Programs\MiKTeX\tex/generic/pgf/basiclayer\pgfcor
etransformations.code.tex
File: pgfcoretransformations.code.tex 2025-08-29 v3.1.11a (3.1.11a)
\pgf@pt@x=\dimen278
\pgf@pt@y=\dimen279
\pgf@pt@temp=\dimen280
)
(C:\Users\singh\AppData\Local\Programs\MiKTeX\tex/generic/pgf/basiclayer\pgfcor
equick.code.tex
File: pgfcorequick.code.tex 2025-08-29 v3.1.11a (3.1.11a)
)
(C:\Users\singh\AppData\Local\Programs\MiKTeX\tex/generic/pgf/basiclayer\pgfcor
eobjects.code.tex
File: pgfcoreobjects.code.tex 2025-08-29 v3.1.11a (3.1.11a)
)
(C:\Users\singh\AppData\Local\Programs\MiKTeX\tex/generic/pgf/basiclayer\pgfcor
epathprocessing.code.tex
File: pgfcorepathprocessing.code.tex 2025-08-29 v3.1.11a (3.1.11a)
)
(C:\Users\singh\AppData\Local\Programs\MiKTeX\tex/generic/pgf/basiclayer\pgfcor
earrows.code.tex
File: pgfcorearrows.code.tex 2025-08-29 v3.1.11a (3.1.11a)
\pgfarrowsep=\dimen281
)
(C:\Users\singh\AppData\Local\Programs\MiKTeX\tex/generic/pgf/basiclayer\pgfcor
eshade.code.tex
File: pgfcoreshade.code.tex 2025-08-29 v3.1.11a (3.1.11a)
\pgf@max=\dimen282
\pgf@sys@shading@range@num=\count388
\pgf@shadingcount=\count389
)
(C:\Users\singh\AppData\Local\Programs\MiKTeX\tex/generic/pgf/basiclayer\pgfcor
eimage.code.tex
File: pgfcoreimage.code.tex 2025-08-29 v3.1.11a (3.1.11a)
)
(C:\Users\singh\AppData\Local\Programs\MiKTeX\tex/generic/pgf/basiclayer\pgfcor
eexternal.code.tex
File: pgfcoreexternal.code.tex 2025-08-29 v3.1.11a (3.1.11a)
\pgfexternal@startupbox=\box72
)
(C:\Users\singh\AppData\Local\Programs\MiKTeX\tex/generic/pgf/basiclayer\pgfcor
elayers.code.tex
File: pgfcorelayers.code.tex 2025-08-29 v3.1.11a (3.1.11a)
)
(C:\Users\singh\AppData\Local\Programs\MiKTeX\tex/generic/pgf/basiclayer\pgfcor
etransparency.code.tex
File: pgfcoretransparency.code.tex 2025-08-29 v3.1.11a (3.1.11a)
)
(C:\Users\singh\AppData\Local\Programs\MiKTeX\tex/generic/pgf/basiclayer\pgfcor
epatterns.code.tex
File: pgfcorepatterns.code.tex 2025-08-29 v3.1.11a (3.1.11a)
)
(C:\Users\singh\AppData\Local\Programs\MiKTeX\tex/generic/pgf/basiclayer\pgfcor
erdf.code.tex
File: pgfcorerdf.code.tex 2025-08-29 v3.1.11a (3.1.11a)
)))
(C:\Users\singh\AppData\Local\Programs\MiKTeX\tex/generic/pgf/modules\pgfmodule
shapes.code.tex
File: pgfmoduleshapes.code.tex 2025-08-29 v3.1.11a (3.1.11a)
\pgfnodeparttextbox=\box73
)
(C:\Users\singh\AppData\Local\Programs\MiKTeX\tex/generic/pgf/modules\pgfmodule
plot.code.tex
File: pgfmoduleplot.code.tex 2025-08-29 v3.1.11a (3.1.11a)
)
(C:\Users\singh\AppData\Local\Programs\MiKTeX\tex/latex/pgf/compatibility\pgfco
mp-version-0-65.sty
Package: pgfcomp-version-0-65 2025-08-29 v3.1.11a (3.1.11a)
\pgf@nodesepstart=\dimen283
\pgf@nodesepend=\dimen284
)
(C:\Users\singh\AppData\Local\Programs\MiKTeX\tex/latex/pgf/compatibility\pgfco
mp-version-1-18.sty
Package: pgfcomp-version-1-18 2025-08-29 v3.1.11a (3.1.11a)
))
(C:\Users\singh\AppData\Local\Programs\MiKTeX\tex/latex/pgf/utilities\pgffor.st
y
(C:\Users\singh\AppData\Local\Programs\MiKTeX\tex/latex/pgf/utilities\pgfkeys.s
ty
(C:\Users\singh\AppData\Local\Programs\MiKTeX\tex/generic/pgf/utilities\pgfkeys
.code.tex))
(C:\Users\singh\AppData\Local\Programs\MiKTeX\tex/latex/pgf/math\pgfmath.sty
(C:\Users\singh\AppData\Local\Programs\MiKTeX\tex/generic/pgf/math\pgfmath.code
.tex))
(C:\Users\singh\AppData\Local\Programs\MiKTeX\tex/generic/pgf/utilities\pgffor.
code.tex
Package: pgffor 2025-08-29 v3.1.11a (3.1.11a)
\pgffor@iter=\dimen285
\pgffor@skip=\dimen286
\pgffor@stack=\toks115
\pgffor@toks=\toks116
))
(C:\Users\singh\AppData\Local\Programs\MiKTeX\tex/generic/pgf/frontendlayer/tik
z\tikz.code.tex
Package: tikz 2025-08-29 v3.1.11a (3.1.11a)

(C:\Users\singh\AppData\Local\Programs\MiKTeX\tex/generic/pgf/libraries\pgflibr
aryplothandlers.code.tex
File: pgflibraryplothandlers.code.tex 2025-08-29 v3.1.11a (3.1.11a)
\pgf@plot@mark@count=\count390
\pgfplotmarksize=\dimen287
)
\tikz@lastx=\dimen288
\tikz@lasty=\dimen289
\tikz@lastxsaved=\dimen290
\tikz@lastysaved=\dimen291
\tikz@lastmovetox=\dimen292
\tikz@lastmovetoy=\dimen293
\tikzleveldistance=\dimen294
\tikzsiblingdistance=\dimen295
\tikz@figbox=\box74
\tikz@figbox@bg=\box75
\tikz@tempbox=\box76
\tikz@tempbox@bg=\box77
\tikztreelevel=\count391
\tikznumberofchildren=\count392
\tikznumberofcurrentchild=\count393
\tikz@fig@count=\count394

(C:\Users\singh\AppData\Local\Programs\MiKTeX\tex/generic/pgf/modules\pgfmodule
matrix.code.tex
File: pgfmodulematrix.code.tex 2025-08-29 v3.1.11a (3.1.11a)
\pgfmatrixcurrentrow=\count395
\pgfmatrixcurrentcolumn=\count396
\pgf@matrix@numberofcolumns=\count397
)
\tikz@expandcount=\count398

(C:\Users\singh\AppData\Local\Programs\MiKTeX\tex/generic/pgf/frontendlayer/tik
z/libraries\tikzlibrarytopaths.code.tex
File: tikzlibrarytopaths.code.tex 2025-08-29 v3.1.11a (3.1.11a)
)))
(C:\Users\singh\AppData\Local\Programs\MiKTeX\tex/generic/pgf/libraries\pgflibr
aryarrows.meta.code.tex
File: pgflibraryarrows.meta.code.tex 2025-08-29 v3.1.11a (3.1.11a)
\pgfarrowinset=\dimen296
\pgfarrowlength=\dimen297
\pgfarrowwidth=\dimen298
\pgfarrowlinewidth=\dimen299
)
(C:\Users\singh\AppData\Local\Programs\MiKTeX\tex/generic/pgf/frontendlayer/tik
z/libraries\tikzlibrarypositioning.code.tex
File: tikzlibrarypositioning.code.tex 2025-08-29 v3.1.11a (3.1.11a)
)
(C:\Users\singh\AppData\Local\Programs\MiKTeX\tex/generic/pgf/frontendlayer/tik
z/libraries\tikzlibraryshapes.geometric.code.tex
File: tikzlibraryshapes.geometric.code.tex 2025-08-29 v3.1.11a (3.1.11a)

(C:\Users\singh\AppData\Local\Programs\MiKTeX\tex/generic/pgf/libraries/shapes\
pgflibraryshapes.geometric.code.tex
File: pgflibraryshapes.geometric.code.tex 2025-08-29 v3.1.11a (3.1.11a)
))
(C:\Users\singh\AppData\Local\Programs\MiKTeX\tex/latex/l3backend\l3backend-pdf
tex.def
File: l3backend-pdftex.def 2025-10-09 L3 backend support: PDF output (pdfTeX)
\l__color_backend_stack_int=\count399
) (Minor_Project _Report_main.aux)
\openout1 = `"Minor_Project _Report_main.aux"'.

LaTeX Font Info:    Checking defaults for OML/cmm/m/it on input line 68.
LaTeX Font Info:    ... okay on input line 68.
LaTeX Font Info:    Checking defaults for OMS/cmsy/m/n on input line 68.
LaTeX Font Info:    ... okay on input line 68.
LaTeX Font Info:    Checking defaults for OT1/cmr/m/n on input line 68.
LaTeX Font Info:    ... okay on input line 68.
LaTeX Font Info:    Checking defaults for T1/cmr/m/n on input line 68.
LaTeX Font Info:    ... okay on input line 68.
LaTeX Font Info:    Checking defaults for TS1/cmr/m/n on input line 68.
LaTeX Font Info:    ... okay on input line 68.
LaTeX Font Info:    Checking defaults for OMX/cmex/m/n on input line 68.
LaTeX Font Info:    ... okay on input line 68.
LaTeX Font Info:    Checking defaults for U/cmr/m/n on input line 68.
LaTeX Font Info:    ... okay on input line 68.
LaTeX Font Info:    Checking defaults for PD1/pdf/m/n on input line 68.
LaTeX Font Info:    ... okay on input line 68.
LaTeX Font Info:    Checking defaults for PU/pdf/m/n on input line 68.
LaTeX Font Info:    ... okay on input line 68.

(C:\Users\singh\AppData\Local\Programs\MiKTeX\tex/context/base/mkii\supp-pdf.mk
ii
[Loading MPS to PDF converter (version 2006.09.02).]
\scratchcounter=\count400
\scratchdimen=\dimen300
\scratchbox=\box78
\nofMPsegments=\count401
\nofMParguments=\count402
\everyMPshowfont=\toks117
\MPscratchCnt=\count403
\MPscratchDim=\dimen301
\MPnumerator=\count404
\makeMPintoPDFobject=\count405
\everyMPtoPDFconversion=\toks118
)
(C:\Users\singh\AppData\Local\Programs\MiKTeX\tex/latex/epstopdf-pkg\epstopdf-b
ase.sty
Package: epstopdf-base 2020-01-24 v2.11 Base part for package epstopdf
Package epstopdf-base Info: Redefining graphics rule for `.eps' on input line 4
85.

(C:\Users\singh\AppData\Local\Programs\MiKTeX\tex/latex/00miktex\epstopdf-sys.c
fg
File: epstopdf-sys.cfg 2021/03/18 v2.0 Configuration of epstopdf for MiKTeX
))
*geometry* driver: auto-detecting
*geometry* detected driver: pdftex
*geometry* verbose mode - [ preamble ] result:
* driver: pdftex
* paper: <default>
* layout: <same size as paper>
* layoutoffset:(h,v)=(0.0pt,0.0pt)
* modes: 
* h-part:(L,W,R)=(72.26999pt, 452.9679pt, 72.26999pt)
* v-part:(T,H,B)=(72.26999pt, 700.50687pt, 72.26999pt)
* \paperwidth=597.50787pt
* \paperheight=845.04684pt
* \textwidth=452.9679pt
* \textheight=700.50687pt
* \oddsidemargin=0.0pt
* \evensidemargin=0.0pt
* \topmargin=-37.0pt
* \headheight=12.0pt
* \headsep=25.0pt
* \topskip=12.0pt
* \footskip=30.0pt
* \marginparwidth=35.0pt
* \marginparsep=10.0pt
* \columnsep=10.0pt
* \skip\footins=10.8pt plus 4.0pt minus 2.0pt
* \hoffset=0.0pt
* \voffset=0.0pt
* \mag=1000
* \@twocolumnfalse
* \@twosidefalse
* \@mparswitchfalse
* \@reversemarginfalse
* (1in=72.27pt=25.4mm, 1cm=28.453pt)


(C:\Users\singh\AppData\Local\Programs\MiKTeX\tex/latex/fmtcount\fc-english.def
File: fc-english.def 2016/01/12
)
Package caption Info: Begin \AtBeginDocument code.
Package caption Info: float package is loaded.
Package caption Info: hyperref package is loaded.
Package caption Info: listings package is loaded.
Package caption Info: longtable package is loaded.
 (C:\Users\singh\AppData\Local\Programs\MiKTeX\tex/latex/caption\ltcaption.sty
Package: ltcaption 2021/01/08 v1.4c longtable captions (AR)
)
Package caption Info: End \AtBeginDocument code.
Package hyperref Info: Link coloring OFF on input line 68.
 (Minor_Project _Report_main.out) (Minor_Project _Report_main.out)
\@outlinefile=\write4
\openout4 = `"Minor_Project _Report_main.out"'.

\c@lstlisting=\count406
Package epstopdf Info: Source file: <MNITlogo.eps>
(epstopdf)                    date: 2026-05-08 01:05:42
(epstopdf)                    size: 1662951 bytes
(epstopdf)             Output file: <MNITlogo-eps-converted-to.pdf>
(epstopdf)                    date: 2026-05-08 01:51:38
(epstopdf)                    size: 451792 bytes
(epstopdf)             Command: <miktex-epstopdf --outfile=MNITlogo-eps-convert
ed-to.pdf MNITlogo.eps>
(epstopdf)             \includegraphics on input line 70.
Package epstopdf Info: Output file is already uptodate.
<MNITlogo-eps-converted-to.pdf, id=313, 658.46pt x 649.42625pt>
File: MNITlogo-eps-converted-to.pdf Graphic file (type pdf)
<use MNITlogo-eps-converted-to.pdf>
Package pdftex.def Info: MNITlogo-eps-converted-to.pdf  used on input line 70.
(pdftex.def)             Requested size: 113.80551pt x 113.80984pt.

Overfull \hbox (17.62482pt too wide) in paragraph at lines 70--70
[][] 
 []

[1


{C:/Users/singh/AppData/Local/MiKTeX/fonts/map/pdftex/pdftex.map}{C:/Users/sing
h/AppData/Local/Programs/MiKTeX/fonts/enc/dvips/base/8r.enc} <./MNITlogo-eps-co
nverted-to.pdf>]
Package epstopdf Info: Source file: <MNITlogo.eps>
(epstopdf)                    date: 2026-05-08 01:05:42
(epstopdf)                    size: 1662951 bytes
(epstopdf)             Output file: <MNITlogo-eps-converted-to.pdf>
(epstopdf)                    date: 2026-05-08 01:51:38
(epstopdf)                    size: 451792 bytes
(epstopdf)             Command: <miktex-epstopdf --outfile=MNITlogo-eps-convert
ed-to.pdf MNITlogo.eps>
(epstopdf)             \includegraphics on input line 71.
Package epstopdf Info: Output file is already uptodate.
File: MNITlogo-eps-converted-to.pdf Graphic file (type pdf)
<use MNITlogo-eps-converted-to.pdf>
Package pdftex.def Info: MNITlogo-eps-converted-to.pdf  used on input line 71.
(pdftex.def)             Requested size: 71.12468pt x 71.12991pt.

Underfull \hbox (badness 10000) in paragraph at lines 71--71

 []


Underfull \hbox (badness 10000) in paragraph at lines 71--71

 []


Underfull \hbox (badness 10000) in paragraph at lines 71--71

 []


Underfull \hbox (badness 10000) in paragraph at lines 71--71

 []

[1


]
Underfull \hbox (badness 10000) in paragraph at lines 72--72

 []


Underfull \hbox (badness 10000) in paragraph at lines 72--72

 []


Underfull \hbox (badness 10000) in paragraph at lines 72--72

 []

[2

]
Overfull \hbox (17.62482pt too wide) in paragraph at lines 73--73
[]$[]$ 
 []


Underfull \hbox (badness 10000) in paragraph at lines 73--73

 []


Underfull \hbox (badness 10000) in paragraph at lines 73--73

 []

[3

]
Overfull \hbox (0.95193pt too wide) in paragraph at lines 80--81
[]\T1/ptm/m/n/12 We val-i-date the tools on a phys-i-cal An-droid de-vice (Mo-t
orola G96 5G, SoC Qual-comm SM7450
 []


Underfull \hbox (badness 10000) in paragraph at lines 82--83

 []

[4

]
Underfull \hbox (badness 10000) in paragraph at lines 86--86

 []

(Minor_Project _Report_main.toc [5] [6])
\tf@toc=\write5
\openout5 = `"Minor_Project _Report_main.toc"'.

 [7]
Underfull \hbox (badness 10000) in paragraph at lines 86--86

 []

(Minor_Project _Report_main.lof)
\tf@lof=\write6
\openout6 = `"Minor_Project _Report_main.lof"'.

 [8

]
Underfull \hbox (badness 10000) in paragraph at lines 86--86

 []

(Minor_Project _Report_main.lot)
\tf@lot=\write7
\openout7 = `"Minor_Project _Report_main.lot"'.

 [9

]
Chapter 1.

pdfTeX warning (ext4): destination with the same identifier (name{page.1}) has 
been already used, duplicate ignored
<to be read again> 
                   \relax 
l.97 
      [1


]
Overfull \hbox (5.35587pt too wide) in paragraph at lines 102--103
\T1/ptm/m/n/12 Security in-ci-dents on mo-bile de-vices of-ten in-volve short-l
ived pro-cesses, rapid priv-i-lege changes,
 []

LaTeX Font Info:    Trying to load font information for TS1+ptm on input line 1
06.
(C:\Users\singh\AppData\Local\Programs\MiKTeX\tex/latex/psnfss\ts1ptm.fd
File: ts1ptm.fd 2001/06/04 font definitions for TS1/ptm.
)
[2]
LaTeX Font Info:    Trying to load font information for T1+pcr on input line 13
7.
 (C:\Users\singh\AppData\Local\Programs\MiKTeX\tex/latex/psnfss\t1pcr.fd
File: t1pcr.fd 2001/06/04 font definitions for T1/pcr.
)
Overfull \hbox (12.42366pt too wide) in paragraph at lines 137--138
\T1/ptm/m/n/12 est data rather than block-ing when full. The BPF ring buffer (\
T1/pcr/m/n/12 BPF_MAP_TYPE_RINGBUF\T1/ptm/m/n/12 )
 []


Overfull \hbox (24.60207pt too wide) in paragraph at lines 138--139
[]\T1/ptm/m/n/12 Android-aware heuris-tics and namespace-aware event out-put. e
BPF fully sup-ports namespace-
 []

[3] [4]
Chapter 2.

Overfull \hbox (17.96811pt too wide) in paragraph at lines 147--148
\T1/ptm/m/n/12 The pres-ence of nu-mer-ous An-droid de-vice man-u-fac-tur-ers, 
each in-cor-po-rat-ing cus-tomized firmware,
 []

[5


] [6] [7]
Overfull \hbox (9.38788pt too wide) in paragraph at lines 187--188
\T1/ptm/m/n/12 are fun-da-men-tally re-stricted by An-droid's ap-pli-ca-tion sa
nd-box-ing, per-mis-sion model, and manda-
 []


Overfull \hbox (15.50728pt too wide) in paragraph at lines 189--191
\T1/ptm/m/n/12 ing of cre-den-tial tran-si-tions. Spe-cial-ized tools now lever
-age eBPF to mon-i-tor the \T1/pcr/m/n/12 commit_creds
 []


Overfull \hbox (10.38205pt too wide) in paragraph at lines 189--191
\T1/ptm/m/n/12 at-tempt to el-e-vate a pro-cess's ca-pa-bil-i-ties (CAP) or UID
 to zero [[]]. For in-stance, the TLA2eBPF
 []

[8]
Overfull \hbox (5.63094pt too wide) in paragraph at lines 192--193
[]\T1/ptm/m/n/12 Collectively, these lim-i-ta-tions un-der-line a crit-i-cal re
-search gap: the ab-sence of a uni-fied, portable,
 []


Overfull \hbox (86.34468pt too wide) in paragraph at lines 202--203
\T1/ptm/m/n/12 source at lo-ca-tions cho-sen by ker-nel de-vel-op-ers (e.g., \T
1/pcr/m/n/12 sched_process_exec\T1/ptm/m/n/12 , \T1/pcr/m/n/12 sys_enter_execve
\T1/ptm/m/n/12 ).
 []

[9]
<ebpf.png, id=622, 1253.68375pt x 660.4675pt>
File: ebpf.png Graphic file (type png)
<use ebpf.png>
Package pdftex.def Info: ebpf.png  used on input line 212.
(pdftex.def)             Requested size: 407.66833pt x 214.77032pt.

(C:\Users\singh\AppData\Local\Programs\MiKTeX\tex/latex/listings\lstlang1.sty
File: lstlang1.sty 2025/11/14 1.11b listings language file
)
(C:\Users\singh\AppData\Local\Programs\MiKTeX\tex/latex/listings\lstmisc.sty
File: lstmisc.sty 2025/11/14 1.11b (Carsten Heinz)
)
Package hyperref Info: bookmark level for unknown lstlisting defaults to 0 on i
nput line 224.

[10 <./ebpf.png>] [11]
LaTeX Info: Symbol \textrightarrow not provided by
            font family pcr in TS1 encoding.
            Default family used instead on input line 263.
LaTeX Info: Symbol \textrightarrow not provided by
            font family pcr in TS1 encoding.
            Default family used instead on input line 263.

Overfull \hbox (1.1079pt too wide) in paragraph at lines 262--264
\T1/pcr/m/n/12 value=42 \T1/ptm/m/n/12 (to-tal ex-ecve calls); in a per-UID has
h map used by Ex-ec-guard: \T1/pcr/m/n/12 key=10123
 []

[12] [13] [14]
Underfull \hbox (badness 10000) in paragraph at lines 311--311
[]|\T1/ptm/b/n/12 Android
 []


Underfull \hbox (badness 10000) in paragraph at lines 314--314
[]|\T1/ptm/m/n/12 General trac-
 []


Overfull \hbox (17.09348pt too wide) in paragraph at lines 309--318
 [][] 
 []

[15]
Chapter 3.
[16


]
Overfull \hbox (13.53995pt too wide) in paragraph at lines 331--332
\T1/ptm/m/n/12 sions). \T1/ptm/m/it/12 Best suited for: \T1/ptm/m/n/12 pro-cess
 life-cy-cle events (\T1/pcr/m/n/12 sched_process_exec/fork/exit\T1/ptm/m/n/12 
),
 []


Underfull \hbox (badness 3895) in paragraph at lines 347--347
[]|\T1/ptm/m/n/12 Stable (tc sub-
 []


Underfull \hbox (badness 10000) in paragraph at lines 350--350
[]|\T1/ptm/m/n/12 Internal func-
 []


Underfull \hbox (badness 10000) in paragraph at lines 350--350
[]|\T1/ptm/m/n/12 Packet in-spec-
 []


Underfull \hbox (badness 10000) in paragraph at lines 351--351
[]|\T1/ptm/m/n/12 Tools in this
 []


Underfull \hbox (badness 3954) in paragraph at lines 351--351
[]|\T1/ptm/m/n/12 Procwatch, Ex-
 []

[17] [18] [19]
Overfull \hbox (5.2358pt too wide) in paragraph at lines 372--373
[]\T1/ptm/b/n/12 Obtain a rooted de-vice and en-able ADB. \T1/ptm/m/n/12 Un-loc
k the boot-loader of the Mo-torola G96 5G,
 []

(C:\Users\singh\AppData\Local\Programs\MiKTeX\tex/latex/listings\lstlang1.sty
File: lstlang1.sty 2025/11/14 1.11b listings language file
)
(C:\Users\singh\AppData\Local\Programs\MiKTeX\tex/latex/listings\lstlang1.sty
File: lstlang1.sty 2025/11/14 1.11b listings language file
)
[20]
Overfull \hbox (19.27623pt too wide) in paragraph at lines 414--415
[]\T1/ptm/m/n/12 Within this De-bian en-vi-ron-ment, the full build toolchain i
s avail-able: clang 11.0.1, bpftool 5.10.223,
 []

[21]
Chapter 4.
[22


]
LaTeX Font Info:    Font shape `T1/pcr/m/it' in size <10.95> not available
(Font)              Font shape `T1/pcr/m/sl' tried instead on input line 454.
 [23] [24]
Chapter 5.
[25


]
Overfull \hbox (6.03981pt too wide) in paragraph at lines 558--559
\T1/ptm/m/n/12 The fol-low-ing steps de-scribe the com-mon pro-cess-ing pipelin
e shared by all five tools (Procwatch,
 []


Overfull \hbox (2.7695pt too wide) in paragraph at lines 569--569
[]|\T1/pcr/m/n/12 sched_process_exec
 []


Overfull \hbox (2.7695pt too wide) in paragraph at lines 570--570
[]|\T1/pcr/m/n/12 sched_process_fork
 []


Overfull \hbox (2.7695pt too wide) in paragraph at lines 571--571
[]|\T1/pcr/m/n/12 sched_process_exit
 []


Underfull \hbox (badness 4739) in paragraph at lines 578--578
[]|\T1/ptm/m/n/12 Syscall en-try/exit tra-ce-
 []


Underfull \hbox (badness 10000) in paragraph at lines 579--579
[]|\T1/ptm/m/n/12 LSM (Linux Se-cu-rity
 []

[26] [27]
Chapter 6.
[28


]
Overfull \hbox (29.70819pt too wide) in paragraph at lines 611--611
[]|\T1/pcr/m/n/12 bpf_ringbuf_reserve(rb,
 []


Overfull \hbox (36.90819pt too wide) in paragraph at lines 612--612
[]|\T1/pcr/m/n/12 bpf_ringbuf_submit(data,
 []


Overfull \hbox (44.10818pt too wide) in paragraph at lines 613--613
[]|\T1/pcr/m/n/12 bpf_ringbuf_discard(data,
 []


Overfull \hbox (8.1082pt too wide) in paragraph at lines 614--614
[]|\T1/pcr/m/n/12 ring_buffer__new(fd,
 []


Overfull \hbox (15.3082pt too wide) in paragraph at lines 615--615
[]|\T1/pcr/m/n/12 ring_buffer__poll(rb,
 []

[29]
Overfull \hbox (9.9528pt too wide) in paragraph at lines 625--626
\T1/ptm/m/n/12 straight-for-ward ^^V the size ar-gu-ment is al-ways \T1/pcr/m/n
/12 sizeof(struct event)\T1/ptm/m/n/12 , which is a compile-
 []

[30]
Chapter 7.

Overfull \hbox (91.98396pt too wide) in paragraph at lines 636--637
[]\T1/ptm/b/n/12 Hook points: \T1/ptm/m/n/12 Three tra-ce-points pro-vide sta-b
le, struc-tured event con-text across ker-nels: \T1/pcr/m/n/12 sched_process_ex
ec
 []

[31


]

! LaTeX Error: There's no line here to end.

See the LaTeX manual or LaTeX Companion for explanation.
Type  H <return>  for immediate help.
 ...                                              
                                                  
l.672 \\.
         
? 
[32]
<Procwatch_Snapshot of commands ran.png, id=902, 427.5975pt x 170.43675pt>
File: Procwatch_Snapshot of commands ran.png Graphic file (type png)
<use Procwatch_Snapshot of commands ran.png>
Package pdftex.def Info: Procwatch_Snapshot of commands ran.png  used on input 
line 687.
(pdftex.def)             Requested size: 475.61766pt x 189.5771pt.

Overfull \hbox (22.64977pt too wide) in paragraph at lines 687--688
 [][] 
 []

[33]
<Procwatch_tool's output of the commands.png, id=911, 849.1725pt x 139.11975pt>

File: Procwatch_tool's output of the commands.png Graphic file (type png)
<use Procwatch_tool's output of the commands.png>
Package pdftex.def Info: Procwatch_tool's output of the commands.png  used on i
nput line 694.
(pdftex.def)             Requested size: 475.61766pt x 77.92137pt.

Overfull \hbox (22.64977pt too wide) in paragraph at lines 694--695
 [][] 
 []

[34 <./Procwatch_Snapshot of commands ran.png> <./Procwatch_tool's output of th
e commands.png>] [35]
<execguard_Snapshot of Commands ran.png, id=952, 772.0845pt x 417.35925pt>
File: execguard_Snapshot of Commands ran.png Graphic file (type png)
<use execguard_Snapshot of Commands ran.png>
Package pdftex.def Info: execguard_Snapshot of Commands ran.png  used on input 
line 756.
(pdftex.def)             Requested size: 407.66833pt x 220.37144pt.
 [36]
<execguard_tool's output for the commands ran.png, id=959, 895.54575pt x 479.99
326pt>
File: execguard_tool's output for the commands ran.png Graphic file (type png)
<use execguard_tool's output for the commands ran.png>
Package pdftex.def Info: execguard_tool's output for the commands ran.png  used
 on input line 763.
(pdftex.def)             Requested size: 407.66833pt x 218.4998pt.
 [37 <./execguard_Snapshot of Commands ran.png> <./execguard_tool's output for 
the commands ran.png>]
Overfull \hbox (48.47227pt too wide) in paragraph at lines 804--805
\T1/ptm/m/n/12 al-lows chang-ing user IDs, \T1/pcr/m/n/12 CAP_SYS_ADMIN \T1/ptm
/m/n/12 grants broad ad-min-is-tra-tive ac-cess, and \T1/pcr/m/n/12 CAP_NET_ADM
IN
 []

[38]
<Priviwatch_snapshot of commands ran.png, id=990, 628.14674pt x 193.9245pt>
File: Priviwatch_snapshot of commands ran.png Graphic file (type png)
<use Priviwatch_snapshot of commands ran.png>
Package pdftex.def Info: Priviwatch_snapshot of commands ran.png  used on input
 line 814.
(pdftex.def)             Requested size: 475.61766pt x 146.83968pt.

Overfull \hbox (22.64977pt too wide) in paragraph at lines 814--815
 [][] 
 []

<Priviwatch_Tool's ouput for the commands.png, id=991, 867.24pt x 397.485pt>
File: Priviwatch_Tool's ouput for the commands.png Graphic file (type png)
<use Priviwatch_Tool's ouput for the commands.png>
Package pdftex.def Info: Priviwatch_Tool's ouput for the commands.png  used on 
input line 821.
(pdftex.def)             Requested size: 475.61766pt x 217.9927pt.

Overfull \hbox (22.64977pt too wide) in paragraph at lines 821--822
 [][] 
 []

[39 <./Priviwatch_snapshot of commands ran.png>] [40 <./Priviwatch_Tool's ouput
 for the commands.png>]
Overfull \hbox (6.97629pt too wide) in paragraph at lines 858--859
\T1/ptm/m/n/12 from an un-ex-pected UID, or a se-quence of WRITE fol-lowed by R
E-NAME fol-lowed by DELETE,
 []

[41]
<filewatch_snapshot of commands ran.png, id=1022, 265.59225pt x 86.12175pt>
File: filewatch_snapshot of commands ran.png Graphic file (type png)
<use filewatch_snapshot of commands ran.png>
Package pdftex.def Info: filewatch_snapshot of commands ran.png  used on input 
line 866.
(pdftex.def)             Requested size: 452.9679pt x 146.8965pt.
<filewatch_tool's output for commands.png, id=1023, 537.207pt x 419.76825pt>
File: filewatch_tool's output for commands.png Graphic file (type png)
<use filewatch_tool's output for commands.png>
Package pdftex.def Info: filewatch_tool's output for commands.png  used on inpu
t line 873.
(pdftex.def)             Requested size: 452.9679pt x 353.95439pt.
 [42 <./filewatch_snapshot of commands ran.png>]
Overfull \hbox (46.82907pt too wide) in paragraph at lines 881--882
\T1/pcr/m/n/12 sk_buff \T1/ptm/m/n/12 al-lo-ca-tion, giv-ing each pro-gram ac-c
ess to the full packet buffer via \T1/pcr/m/n/12 bpf_skb_load_bytes\T1/ptm/m/n/
12 .
 []


Overfull \hbox (3.23305pt too wide) in paragraph at lines 881--882
\T1/ptm/m/n/12 The \T1/pcr/m/n/12 direction \T1/ptm/m/n/12 field in the event s
truct dis-tin-guishes in-bound from out-bound pack-ets through-
 []

[43 <./filewatch_tool's output for commands.png>] [44]
<pksniff_main_view.png, id=1055, 525.162pt x 510.10574pt>
File: pksniff_main_view.png Graphic file (type png)
<use pksniff_main_view.png>
Package pdftex.def Info: pksniff_main_view.png  used on input line 908.
(pdftex.def)             Requested size: 452.9679pt x 439.98224pt.
 [45]
<pksniff_detail_view.png, id=1061, 437.83575pt x 387.849pt>
File: pksniff_detail_view.png Graphic file (type png)
<use pksniff_detail_view.png>
Package pdftex.def Info: pksniff_detail_view.png  used on input line 917.
(pdftex.def)             Requested size: 452.9679pt x 401.27026pt.
 [46 <./pksniff_main_view.png>]
Overfull \hbox (73.73596pt too wide) in paragraph at lines 922--923
\T1/pcr/m/n/12 ip:<addr>\T1/ptm/m/n/12 , \T1/pcr/m/n/12 port:<n>\T1/ptm/m/n/12 
, \T1/pcr/m/n/12 proto:<tcp|udp|icmp>\T1/ptm/m/n/12 , \T1/pcr/m/n/12 app:<dns|h
ttp|tls>\T1/ptm/m/n/12 , and \T1/pcr/m/n/12 dir:<in|out>\T1/ptm/m/n/12 .
 []

<pksniff_filter_view.png, id=1067, 658.8615pt x 367.97475pt>
File: pksniff_filter_view.png Graphic file (type png)
<use pksniff_filter_view.png>
Package pdftex.def Info: pksniff_filter_view.png  used on input line 926.
(pdftex.def)             Requested size: 452.9679pt x 252.98763pt.
[47 <./pksniff_detail_view.png>]
<pksniff_pcap_view.png, id=1073, 885.90974pt x 75.28125pt>
File: pksniff_pcap_view.png Graphic file (type png)
<use pksniff_pcap_view.png>
Package pdftex.def Info: pksniff_pcap_view.png  used on input line 935.
(pdftex.def)             Requested size: 452.9679pt x 38.49055pt.
<pksniff_stats_view.png, id=1074, 332.442pt x 118.64325pt>
File: pksniff_stats_view.png Graphic file (type png)
<use pksniff_stats_view.png>
Package pdftex.def Info: pksniff_stats_view.png  used on input line 944.
(pdftex.def)             Requested size: 452.9679pt x 161.65862pt.
 [48 <./pksniff_filter_view.png> <./pksniff_pcap_view.png>] [49 <./pksniff_stat
s_view.png>] [50]
Chapter 8.
[51


] [52] [53] [54]
Chapter 9.
[55


] [56] [57]
Chapter 10.

Underfull \hbox (badness 10000) in paragraph at lines 1065--1065
[]|\T1/ptm/b/n/12 Baseline
 []


Underfull \hbox (badness 10000) in paragraph at lines 1065--1065
[]|\T1/ptm/b/n/12 Avg
 []


Underfull \hbox (badness 10000) in paragraph at lines 1065--1065
[]|\T1/ptm/b/n/12 Peak
 []

[58

]
Overfull \hbox (16.20465pt too wide) in paragraph at lines 1077--1078
[]\T1/ptm/b/n/12 Procwatch \T1/ptm/m/n/12 cor-rectly emit-ted EXEC events for e
ach \T1/pcr/m/n/12 adb shell \T1/ptm/m/n/12 com-mand, with \T1/pcr/m/n/12 paren
t_comm
 []

[59]
Chapter 11.
[60


] [61]
Appendix A.
[62


] [63] [64] [65] [66] [67] [68] (Minor_Project _Report_main.bbl [69

]
Underfull \hbox (badness 4060) in paragraph at lines 90--92
[]\T1/ptm/m/n/12 R. Mayrhofer \T1/ptm/m/it/12 et al.\T1/ptm/m/n/12 , ``The An-d
roid plat-form se-cu-rity model,'' arXiv preprint
 []

[70] [71]
Underfull \hbox (badness 1895) in paragraph at lines 232--235
[]\T1/ptm/m/n/12 A. O. S. Project, ``sim-pleperf: Cpu pro-fil-ing tool for an-d
roid,'' []$https : / / android .
 []

[72]
Underfull \hbox (badness 3148) in paragraph at lines 264--267
[]\T1/ptm/m/n/12 ------, ``ebpf traf-fic mon-i-tor-ing on an-droid,'' []$https 
: / / source . android . com / docs / core /
 []

) [73] (Minor_Project _Report_main.aux)
 ***********
LaTeX2e <2025-11-01>
L3 programming layer <2025-12-24>
 ***********
Package rerunfilecheck Info: File `"Minor_Project _Report_main".out' has not ch
anged.
(rerunfilecheck)             Checksum: D294AB560CEE9D61158A30C79B314E8A;12919.
 ) 
Here is how much of TeX's memory you used:
 28532 strings out of 467871
 522524 string characters out of 5418377
 1312845 words of memory out of 5000000
 56297 multiletter control sequences out of 15000+600000
 683046 words of font info for 115 fonts, out of 8000000 for 9000
 1141 hyphenation exceptions out of 8191
 90i,11n,131p,1556b,2329s stack positions out of 10000i,1000n,20000p,200000b,200000s
 <C:\Users\singh\AppData\Local\MiKTeX\fonts/pk/ljfour/jknappen/ec/dpi600\tctt
1200.pk><C:/Users/singh/AppData/Local/Programs/MiKTeX/fonts/type1/public/amsfon
ts/cm/cmsy10.pfb><C:/Users/singh/AppData/Local/Programs/MiKTeX/fonts/type1/urw/
courier/ucrb8a.pfb><C:/Users/singh/AppData/Local/Programs/MiKTeX/fonts/type1/ur
w/courier/ucrr8a.pfb><C:/Users/singh/AppData/Local/Programs/MiKTeX/fonts/type1/
urw/courier/ucrro8a.pfb><C:/Users/singh/AppData/Local/Programs/MiKTeX/fonts/typ
e1/urw/times/utmb8a.pfb><C:/Users/singh/AppData/Local/Programs/MiKTeX/fonts/typ
e1/urw/times/utmbi8a.pfb><C:/Users/singh/AppData/Local/Programs/MiKTeX/fonts/ty
pe1/urw/times/utmr8a.pfb><C:/Users/singh/AppData/Local/Programs/MiKTeX/fonts/ty
pe1/urw/times/utmri8a.pfb>
Output written on "Minor_Project _Report_main.pdf" (83 pages, 1665464 bytes).
PDF statistics:
 1585 PDF objects out of 1728 (max. 8388607)
 627 named destinations out of 1000 (max. 500000)
 704 words of extra memory for PDF output out of 10000 (max. 10000000)

